[custom_lint] 2026-06-27T07:11:01.203483 Loading dynamic library failed: %1 is not a valid Win32 application.
[custom_lint] 2026-06-27T07:11:01.203483  (error code: 193)
[custom_lint] 2026-06-27T07:11:01.203483
[custom_lint] 2026-06-27T07:11:01.203483
[custom_lint] 2026-06-27T07:11:01.204485 lib\custom_lint_client.dart is not an AOT snapshot, it cannot be run with 'dartaotruntime'
[custom_lint] 2026-06-27T07:11:01.204485
[custom_lint] 2026-06-27T07:11:01.204485
Failed to start pluginsThe request analysis.setContextRoots failed with the following error:
RequestErrorCode.PLUGIN_ERROR
Bad state: Failed to start the plugins.
at:
#0      SocketCustomLintServerToClientChannel._checkInitializationFail.<anonymous closure> (package:custom_lint/src/v2/server_to_client_channel.dart:223)
<asynchronous suspension>
#1      Future.any.onValue (dart:async/future.dart:637)
<asynchronous suspension>

[custom_lint] 2026-06-27T09:31:30.307312 Loading dynamic library failed: %1 is not a valid Win32 application.
[custom_lint] 2026-06-27T09:31:30.307312  (error code: 193)
[custom_lint] 2026-06-27T09:31:30.307312
[custom_lint] 2026-06-27T09:31:30.307312
[custom_lint] 2026-06-27T09:31:30.309990 lib\custom_lint_client.dart is not an AOT snapshot, it cannot be run with 'dartaotruntime'
[custom_lint] 2026-06-27T09:31:30.309990
[custom_lint] 2026-06-27T09:31:30.309990
Failed to start pluginsThe request analysis.setContextRoots failed with the following error:
RequestErrorCode.PLUGIN_ERROR
Bad state: Failed to start the plugins.
at:
#0      SocketCustomLintServerToClientChannel._checkInitializationFail.<anonymous closure> (package:custom_lint/src/v2/server_to_client_channel.dart:223)
<asynchronous suspension>
#1      Future.any.onValue (dart:async/future.dart:637)
<asynchronous suspension>

